Archive member included to satisfy reference by file (symbol)

/home/josemanuel/st/stm32cubeide_1.14.0/plugins/com.st.stm32cube.ide.mcu.externaltools.gnu-tools-for-stm32.11.3.rel1.linux64_1.1.100.202309141235/tools/bin/../lib/gcc/arm-none-eabi/11.3.1/../../../../arm-none-eabi/lib/thumb/v7e-m+fp/hard/libc_nano.a(libc_a-exit.o)
                              /home/josemanuel/st/stm32cubeide_1.14.0/plugins/com.st.stm32cube.ide.mcu.externaltools.gnu-tools-for-stm32.11.3.rel1.linux64_1.1.100.202309141235/tools/bin/../lib/gcc/arm-none-eabi/11.3.1/../../../../arm-none-eabi/lib/thumb/v7e-m+fp/hard/crt0.o (exit)
/home/josemanuel/st/stm32cubeide_1.14.0/plugins/com.st.stm32cube.ide.mcu.externaltools.gnu-tools-for-stm32.11.3.rel1.linux64_1.1.100.202309141235/tools/bin/../lib/gcc/arm-none-eabi/11.3.1/../../../../arm-none-eabi/lib/thumb/v7e-m+fp/hard/libc_nano.a(libc_a-findfp.o)
                              /home/josemanuel/st/stm32cubeide_1.14.0/plugins/com.st.stm32cube.ide.mcu.externaltools.gnu-tools-for-stm32.11.3.rel1.linux64_1.1.100.202309141235/tools/bin/../lib/gcc/arm-none-eabi/11.3.1/../../../../arm-none-eabi/lib/thumb/v7e-m+fp/hard/libc_nano.a(libc_a-exit.o) (__stdio_exit_handler)
/home/josemanuel/st/stm32cubeide_1.14.0/plugins/com.st.stm32cube.ide.mcu.externaltools.gnu-tools-for-stm32.11.3.rel1.linux64_1.1.100.202309141235/tools/bin/../lib/gcc/arm-none-eabi/11.3.1/../../../../arm-none-eabi/lib/thumb/v7e-m+fp/hard/libc_nano.a(libc_a-fwalk.o)
                              /home/josemanuel/st/stm32cubeide_1.14.0/plugins/com.st.stm32cube.ide.mcu.externaltools.gnu-tools-for-stm32.11.3.rel1.linux64_1.1.100.202309141235/tools/bin/../lib/gcc/arm-none-eabi/11.3.1/../../../../arm-none-eabi/lib/thumb/v7e-m+fp/hard/libc_nano.a(libc_a-findfp.o) (_fwalk_sglue)
/home/josemanuel/st/stm32cubeide_1.14.0/plugins/com.st.stm32cube.ide.mcu.externaltools.gnu-tools-for-stm32.11.3.rel1.linux64_1.1.100.202309141235/tools/bin/../lib/gcc/arm-none-eabi/11.3.1/../../../../arm-none-eabi/lib/thumb/v7e-m+fp/hard/libc_nano.a(libc_a-stdio.o)
                              /home/josemanuel/st/stm32cubeide_1.14.0/plugins/com.st.stm32cube.ide.mcu.externaltools.gnu-tools-for-stm32.11.3.rel1.linux64_1.1.100.202309141235/tools/bin/../lib/gcc/arm-none-eabi/11.3.1/../../../../arm-none-eabi/lib/thumb/v7e-m+fp/hard/libc_nano.a(libc_a-findfp.o) (__sread)
/home/josemanuel/st/stm32cubeide_1.14.0/plugins/com.st.stm32cube.ide.mcu.externaltools.gnu-tools-for-stm32.11.3.rel1.linux64_1.1.100.202309141235/tools/bin/../lib/gcc/arm-none-eabi/11.3.1/../../../../arm-none-eabi/lib/thumb/v7e-m+fp/hard/libc_nano.a(libc_a-memset.o)
                              /home/josemanuel/st/stm32cubeide_1.14.0/plugins/com.st.stm32cube.ide.mcu.externaltools.gnu-tools-for-stm32.11.3.rel1.linux64_1.1.100.202309141235/tools/bin/../lib/gcc/arm-none-eabi/11.3.1/../../../../arm-none-eabi/lib/thumb/v7e-m+fp/hard/crt0.o (memset)
/home/josemanuel/st/stm32cubeide_1.14.0/plugins/com.st.stm32cube.ide.mcu.externaltools.gnu-tools-for-stm32.11.3.rel1.linux64_1.1.100.202309141235/tools/bin/../lib/gcc/arm-none-eabi/11.3.1/../../../../arm-none-eabi/lib/thumb/v7e-m+fp/hard/libc_nano.a(libc_a-closer.o)
                              /home/josemanuel/st/stm32cubeide_1.14.0/plugins/com.st.stm32cube.ide.mcu.externaltools.gnu-tools-for-stm32.11.3.rel1.linux64_1.1.100.202309141235/tools/bin/../lib/gcc/arm-none-eabi/11.3.1/../../../../arm-none-eabi/lib/thumb/v7e-m+fp/hard/libc_nano.a(libc_a-stdio.o) (_close_r)
/home/josemanuel/st/stm32cubeide_1.14.0/plugins/com.st.stm32cube.ide.mcu.externaltools.gnu-tools-for-stm32.11.3.rel1.linux64_1.1.100.202309141235/tools/bin/../lib/gcc/arm-none-eabi/11.3.1/../../../../arm-none-eabi/lib/thumb/v7e-m+fp/hard/libc_nano.a(libc_a-reent.o)
                              /home/josemanuel/st/stm32cubeide_1.14.0/plugins/com.st.stm32cube.ide.mcu.externaltools.gnu-tools-for-stm32.11.3.rel1.linux64_1.1.100.202309141235/tools/bin/../lib/gcc/arm-none-eabi/11.3.1/../../../../arm-none-eabi/lib/thumb/v7e-m+fp/hard/libc_nano.a(libc_a-closer.o) (errno)
/home/josemanuel/st/stm32cubeide_1.14.0/plugins/com.st.stm32cube.ide.mcu.externaltools.gnu-tools-for-stm32.11.3.rel1.linux64_1.1.100.202309141235/tools/bin/../lib/gcc/arm-none-eabi/11.3.1/../../../../arm-none-eabi/lib/thumb/v7e-m+fp/hard/libc_nano.a(libc_a-impure.o)
                              /home/josemanuel/st/stm32cubeide_1.14.0/plugins/com.st.stm32cube.ide.mcu.externaltools.gnu-tools-for-stm32.11.3.rel1.linux64_1.1.100.202309141235/tools/bin/../lib/gcc/arm-none-eabi/11.3.1/../../../../arm-none-eabi/lib/thumb/v7e-m+fp/hard/libc_nano.a(libc_a-reent.o) (_impure_ptr)
/home/josemanuel/st/stm32cubeide_1.14.0/plugins/com.st.stm32cube.ide.mcu.externaltools.gnu-tools-for-stm32.11.3.rel1.linux64_1.1.100.202309141235/tools/bin/../lib/gcc/arm-none-eabi/11.3.1/../../../../arm-none-eabi/lib/thumb/v7e-m+fp/hard/libc_nano.a(libc_a-lseekr.o)
[...]
Memory Configuration

Name             Origin             Length             Attributes
CCMRAM           0x0000000010000000 0x0000000000010000 xrw
RAM              0x0000000020000000 0x0000000000020000 xrw
FLASH            0x0000000008000000 0x0000000000100000 xr
*default*        0x0000000000000000 0xffffffffffffffff

Linker script and memory map

LOAD /home/josemanuel/st/stm32cubeide_1.14.0/plugins/com.st.stm32cube.ide.mcu.externaltools.gnu-tools-for-stm32.11.3.rel1.linux64_1.1.100.202309141235/tools/bin/../lib/gcc/arm-none-eabi/11.3.1/thumb/v7e-m+fp/hard/crti.o
LOAD /home/josemanuel/st/stm32cubeide_1.14.0/plugins/com.st.stm32cube.ide.mcu.externaltools.gnu-tools-for-stm32.11.3.rel1.linux64_1.1.100.202309141235/tools/bin/../lib/gcc/arm-none-eabi/11.3.1/thumb/v7e-m+fp/hard/crtbegin.o
LOAD /home/josemanuel/st/stm32cubeide_1.14.0/plugins/com.st.stm32cube.ide.mcu.externaltools.gnu-tools-for-stm32.11.3.rel1.linux64_1.1.100.202309141235/tools/bin/../lib/gcc/arm-none-eabi/11.3.1/../../../../arm-none-eabi/lib/thumb/v7e-m+fp/hard/crt0.o
LOAD ./Src/main.o
LOAD ./Src/syscalls.o
LOAD ./Src/sysmem.o
LOAD ./Startup/startup_stm32f407vgtx.o
LOAD ./drivers/Src/stm32f407xx_gpio_driver.o
LOAD ./drivers/Src/stm32f407xx_spi_driver.o
START GROUP
LOAD /home/josemanuel/st/stm32cubeide_1.14.0/plugins/com.st.stm32cube.ide.mcu.externaltools.gnu-tools-for-stm32.11.3.rel1.linux64_1.1.100.202309141235/tools/bin/../lib/gcc/arm-none-eabi/11.3.1/../../../../arm-none-eabi/lib/thumb/v7e-m+fp/hard/libc_nano.a
LOAD /home/josemanuel/st/stm32cubeide_1.14.0/plugins/com.st.stm32cube.ide.mcu.externaltools.gnu-tools-for-stm32.11.3.rel1.linux64_1.1.100.202309141235/tools/bin/../lib/gcc/arm-none-eabi/11.3.1/../../../../arm-none-eabi/lib/thumb/v7e-m+fp/hard/libm.a
END GROUP
START GROUP
LOAD /home/josemanuel/st/stm32cubeide_1.14.0/plugins/com.st.stm32cube.ide.mcu.externaltools.gnu-tools-for-stm32.11.3.rel1.linux64_1.1.100.202309141235/tools/bin/../lib/gcc/arm-none-eabi/11.3.1/thumb/v7e-m+fp/hard/libgcc.a
LOAD /home/josemanuel/st/stm32cubeide_1.14.0/plugins/com.st.stm32cube.ide.mcu.externaltools.gnu-tools-for-stm32.11.3.rel1.linux64_1.1.100.202309141235/tools/bin/../lib/gcc/arm-none-eabi/11.3.1/../../../../arm-none-eabi/lib/thumb/v7e-m+fp/hard/libc_nano.a
END GROUP
START GROUP
LOAD /home/josemanuel/st/stm32cubeide_1.14.0/plugins/com.st.stm32cube.ide.mcu.externaltools.gnu-tools-for-stm32.11.3.rel1.linux64_1.1.100.202309141235/tools/bin/../lib/gcc/arm-none-eabi/11.3.1/thumb/v7e-m+fp/hard/libgcc.a
LOAD /home/josemanuel/st/stm32cubeide_1.14.0/plugins/com.st.stm32cube.ide.mcu.externaltools.gnu-tools-for-stm32.11.3.rel1.linux64_1.1.100.202309141235/tools/bin/../lib/gcc/arm-none-eabi/11.3.1/../../../../arm-none-eabi/lib/thumb/v7e-m+fp/hard/libc_nano.a
LOAD /home/josemanuel/st/stm32cubeide_1.14.0/plugins/com.st.stm32cube.ide.mcu.externaltools.gnu-tools-for-stm32.11.3.rel1.linux64_1.1.100.202309141235/tools/bin/../lib/gcc/arm-none-eabi/11.3.1/../../../../arm-none-eabi/lib/thumb/v7e-m+fp/hard/libnosys.a
END GROUP
START GROUP
LOAD /home/josemanuel/st/stm32cubeide_1.14.0/plugins/com.st.stm32cube.ide.mcu.externaltools.gnu-tools-for-stm32.11.3.rel1.linux64_1.1.100.202309141235/tools/bin/../lib/gcc/arm-none-eabi/11.3.1/thumb/v7e-m+fp/hard/libgcc.a
LOAD /home/josemanuel/st/stm32cubeide_1.14.0/plugins/com.st.stm32cube.ide.mcu.externaltools.gnu-tools-for-stm32.11.3.rel1.linux64_1.1.100.202309141235/tools/bin/../lib/gcc/arm-none-eabi/11.3.1/../../../../arm-none-eabi/lib/thumb/v7e-m+fp/hard/libc_nano.a
LOAD /home/josemanuel/st/stm32cubeide_1.14.0/plugins/com.st.stm32cube.ide.mcu.externaltools.gnu-tools-for-stm32.11.3.rel1.linux64_1.1.100.202309141235/tools/bin/../lib/gcc/arm-none-eabi/11.3.1/../../../../arm-none-eabi/lib/thumb/v7e-m+fp/hard/libnosys.a
END GROUP
LOAD /home/josemanuel/st/stm32cubeide_1.14.0/plugins/com.st.stm32cube.ide.mcu.externaltools.gnu-tools-for-stm32.11.3.rel1.linux64_1.1.100.202309141235/tools/bin/../lib/gcc/arm-none-eabi/11.3.1/thumb/v7e-m+fp/hard/crtend.o
LOAD /home/josemanuel/st/stm32cubeide_1.14.0/plugins/com.st.stm32cube.ide.mcu.externaltools.gnu-tools-for-stm32.11.3.rel1.linux64_1.1.100.202309141235/tools/bin/../lib/gcc/arm-none-eabi/11.3.1/thumb/v7e-m+fp/hard/crtn.o
                0x0000000020020000                _estack = (ORIGIN (RAM) + LENGTH (RAM))
                0x0000000000000200                _Min_Heap_Size = 0x200
                0x0000000000000400                _Min_Stack_Size = 0x400

.isr_vector     0x0000000008000000      0x188
                0x0000000008000000                . = ALIGN (0x4)
 *(.isr_vector)
 .isr_vector    0x0000000008000000      0x188 ./Startup/startup_stm32f407vgtx.o
                0x0000000008000000                g_pfnVectors
                0x0000000008000188                . = ALIGN (0x4)

.text           0x0000000008000188      0xc18
                0x0000000008000188                . = ALIGN (0x4)
 *(.text)
 .text          0x0000000008000188       0x40 /home/josemanuel/st/stm32cubeide_1.14.0/plugins/com.st.stm32cube.ide.mcu.externaltools.gnu-tools-for-stm32.11.3.rel1.linux64_1.1.100.202309141235/tools/bin/../lib/gcc/arm-none-eabi/11.3.1/thumb/v7e-m+fp/hard/crtbegin.o
 .text          0x00000000080001c8       0x10 /home/josemanuel/st/stm32cubeide_1.14.0/plugins/com.st.stm32cube.ide.mcu.externaltools.gnu-tools-for-stm32.11.3.rel1.linux64_1.1.100.202309141235/tools/bin/../lib/gcc/arm-none-eabi/11.3.1/../../../../arm-none-eabi/lib/thumb/v7e-m+fp/hard/libc_nano.a(libc_a-strlen.o)
                0x00000000080001c8                strlen
 *(.text*)
 .text.main     0x00000000080001d8       0x50 ./Src/main.o
                0x00000000080001d8                main
 .text.GPIO_ButtonInit
                0x0000000008000228       0x40 ./Src/main.o
                0x0000000008000228                GPIO_ButtonInit
 .text.SPI2_GPIOInits
                0x0000000008000268       0x44 ./Src/main.o
                0x0000000008000268                SPI2_GPIOInits
 .text.SPI2_Inits
                0x00000000080002ac       0x48 ./Src/main.o
                0x00000000080002ac                SPI2_Inits
 .text.EXTI0_IRQHandler
                0x00000000080002f4       0x1c ./Src/main.o
                0x00000000080002f4                EXTI0_IRQHandler
 .text.delay    0x0000000008000310       0x2c ./Src/main.o
                0x0000000008000310                delay
 .text.Reset_Handler
                0x000000000800033c       0x50 ./Startup/startup_stm32f407vgtx.o
                0x000000000800033c                Reset_Handler
 .text.Default_Handler
                0x000000000800038c        0x2 ./Startup/startup_stm32f407vgtx.o
                0x000000000800038c                RTC_Alarm_IRQHandler
                0x000000000800038c                HASH_RNG_IRQHandler
                0x000000000800038c                EXTI2_IRQHandler
                0x000000000800038c                TIM8_CC_IRQHandler
                0x000000000800038c                DebugMon_Handler
                0x000000000800038c                TIM1_CC_IRQHandler
                0x000000000800038c                DMA2_Stream5_IRQHandler
                0x000000000800038c                HardFault_Handler
                0x000000000800038c                DMA1_Stream5_IRQHandler
                0x000000000800038c                SysTick_Handler
                0x000000000800038c                PVD_IRQHandler
                0x000000000800038c                SDIO_IRQHandler
                0x000000000800038c                TAMP_STAMP_IRQHandler
                0x000000000800038c                PendSV_Handler
                0x000000000800038c                NMI_Handler
                0x000000000800038c                CAN2_RX1_IRQHandler
                0x000000000800038c                EXTI3_IRQHandler
                0x000000000800038c                TIM8_TRG_COM_TIM14_IRQHandler
                0x000000000800038c                TIM1_UP_TIM10_IRQHandler
                0x000000000800038c                TIM8_UP_TIM13_IRQHandler
                0x000000000800038c                I2C3_ER_IRQHandler
                0x000000000800038c                I2C2_EV_IRQHandler
                0x000000000800038c                DMA1_Stream2_IRQHandler
                0x000000000800038c                CAN1_RX0_IRQHandler
                0x000000000800038c                FPU_IRQHandler
                0x000000000800038c                OTG_HS_WKUP_IRQHandler
                0x000000000800038c                UsageFault_Handler
                0x000000000800038c                CAN2_SCE_IRQHandler
                0x000000000800038c                DMA2_Stream2_IRQHandler
                0x000000000800038c                SPI1_IRQHandler
                0x000000000800038c                TIM6_DAC_IRQHandler
                0x000000000800038c                TIM1_BRK_TIM9_IRQHandler
                0x000000000800038c                DCMI_IRQHandler
                0x000000000800038c                CAN2_RX0_IRQHandler
                0x000000000800038c                DMA2_Stream3_IRQHandler
                0x000000000800038c                USART6_IRQHandler
                0x000000000800038c                USART3_IRQHandler
                0x000000000800038c                CRYP_IRQHandler
                0x000000000800038c                CAN1_RX1_IRQHandler
                0x000000000800038c                UART5_IRQHandler
                0x000000000800038c                DMA2_Stream0_IRQHandler
                0x000000000800038c                TIM4_IRQHandler
                0x000000000800038c                I2C1_EV_IRQHandler
                0x000000000800038c                DMA1_Stream6_IRQHandler
                0x000000000800038c                DMA1_Stream1_IRQHandler
                0x000000000800038c                UART4_IRQHandler
                0x000000000800038c                TIM3_IRQHandler
                0x000000000800038c                RCC_IRQHandler
                0x000000000800038c                TIM8_BRK_TIM12_IRQHandler
                0x000000000800038c                Default_Handler
                0x000000000800038c                EXTI15_10_IRQHandler
                0x000000000800038c                ADC_IRQHandler
                0x000000000800038c                DMA1_Stream7_IRQHandler
                0x000000000800038c                TIM7_IRQHandler
                0x000000000800038c                CAN2_TX_IRQHandler
                0x000000000800038c                TIM5_IRQHandler
                0x000000000800038c                DMA2_Stream7_IRQHandler
                0x000000000800038c                I2C3_EV_IRQHandler
                0x000000000800038c                EXTI9_5_IRQHandler
                0x000000000800038c                RTC_WKUP_IRQHandler
                0x000000000800038c                ETH_WKUP_IRQHandler
                0x000000000800038c                SPI2_IRQHandler
                0x000000000800038c                OTG_HS_EP1_IN_IRQHandler
                0x000000000800038c                MemManage_Handler
                0x000000000800038c                DMA1_Stream0_IRQHandler
                0x000000000800038c                CAN1_TX_IRQHandler
                0x000000000800038c                SVC_Handler
                0x000000000800038c                EXTI4_IRQHandler
                0x000000000800038c                FSMC_IRQHandler
                0x000000000800038c                ETH_IRQHandler
                0x000000000800038c                OTG_HS_EP1_OUT_IRQHandler
                0x000000000800038c                WWDG_IRQHandler
                0x000000000800038c                TIM2_IRQHandler
                0x000000000800038c                OTG_FS_WKUP_IRQHandler
                0x000000000800038c                TIM1_TRG_COM_TIM11_IRQHandler
                0x000000000800038c                OTG_HS_IRQHandler
                0x000000000800038c                EXTI1_IRQHandler
                0x000000000800038c                USART2_IRQHandler
                0x000000000800038c                I2C2_ER_IRQHandler
                0x000000000800038c                DMA2_Stream1_IRQHandler
                0x000000000800038c                CAN1_SCE_IRQHandler
                0x000000000800038c                DMA2_Stream4_IRQHandler
                0x000000000800038c                BusFault_Handler
                0x000000000800038c                USART1_IRQHandler
                0x000000000800038c                OTG_FS_IRQHandler
                0x000000000800038c                SPI3_IRQHandler
                0x000000000800038c                DMA1_Stream4_IRQHandler
                0x000000000800038c                I2C1_ER_IRQHandler
                0x000000000800038c                DMA2_Stream6_IRQHandler
                0x000000000800038c                DMA1_Stream3_IRQHandler
 *fill*         0x000000000800038e        0x2 
 .text.GPIO_PeripClockControl
                0x0000000008000390      0x230 ./drivers/Src/stm32f407xx_gpio_driver.o
                0x0000000008000390                GPIO_PeripClockControl
 .text.GPIO_Init
                0x00000000080005c0      0x378 ./drivers/Src/stm32f407xx_gpio_driver.o
                0x00000000080005c0                GPIO_Init
 .text.GPIO_IRQConfig
                0x0000000008000938      0x10c ./drivers/Src/stm32f407xx_gpio_driver.o
                0x0000000008000938                GPIO_IRQConfig
 .text.GPIO_IRQ_ProrityConfig
                0x0000000008000a44       0x54 ./drivers/Src/stm32f407xx_gpio_driver.o
                0x0000000008000a44                GPIO_IRQ_ProrityConfig
 .text.GPIO_IRQHandling
                0x0000000008000a98       0x40 ./drivers/Src/stm32f407xx_gpio_driver.o
                0x0000000008000a98                GPIO_IRQHandling
 .text.SPI_PeripheralClockControl
                0x0000000008000ad8       0xb0 ./drivers/Src/stm32f407xx_spi_driver.o
                0x0000000008000ad8                SPI_PeripheralClockControl
 .text.SPI_Init
                0x0000000008000b88       0xb6 ./drivers/Src/stm32f407xx_spi_driver.o
                0x0000000008000b88                SPI_Init
 .text.SPI_Send
                0x0000000008000c3e       0x68 ./drivers/Src/stm32f407xx_spi_driver.o
                0x0000000008000c3e                SPI_Send
 .text.SPI_GetFlagStatus
                0x0000000008000ca6       0x28 ./drivers/Src/stm32f407xx_spi_driver.o
                0x0000000008000ca6                SPI_GetFlagStatus
 .text.SPI_PeripheralControl
                0x0000000008000cce       0x38 ./drivers/Src/stm32f407xx_spi_driver.o
                0x0000000008000cce                SPI_PeripheralControl
 .text.SPI_SSIConfig
                0x0000000008000d06       0x38 ./drivers/Src/stm32f407xx_spi_driver.o
                0x0000000008000d06                SPI_SSIConfig
 *fill*         0x0000000008000d3e        0x2 
 .text.__libc_init_array
                0x0000000008000d40       0x48 /home/josemanuel/st/stm32cubeide_1.14.0/plugins/com.st.stm32cube.ide.mcu.externaltools.gnu-tools-for-stm32.11.3.rel1.linux64_1.1.100.202309141235/tools/bin/../lib/gcc/arm-none-eabi/11.3.1/../../../../arm-none-eabi/lib/thumb/v7e-m+fp/hard/libc_nano.a(libc_a-init.o)
                0x0000000008000d40                __libc_init_array
 *(.glue_7)
 .glue_7        0x0000000008000d88        0x0 linker stubs
 *(.glue_7t)
 .glue_7t       0x0000000008000d88        0x0 linker stubs
 *(.eh_frame)
 .eh_frame      0x0000000008000d88        0x0 /home/josemanuel/st/stm32cubeide_1.14.0/plugins/com.st.stm32cube.ide.mcu.externaltools.gnu-tools-for-stm32.11.3.rel1.linux64_1.1.100.202309141235/tools/bin/../lib/gcc/arm-none-eabi/11.3.1/thumb/v7e-m+fp/hard/crtbegin.o
 *(.init)
 .init          0x0000000008000d88        0x4 /home/josemanuel/st/stm32cubeide_1.14.0/plugins/com.st.stm32cube.ide.mcu.externaltools.gnu-tools-for-stm32.11.3.rel1.linux64_1.1.100.202309141235/tools/bin/../lib/gcc/arm-none-eabi/11.3.1/thumb/v7e-m+fp/hard/crti.o
                0x0000000008000d88                _init
 .init          0x0000000008000d8c        0x8 /home/josemanuel/st/stm32cubeide_1.14.0/plugins/com.st.stm32cube.ide.mcu.externaltools.gnu-tools-for-stm32.11.3.rel1.linux64_1.1.100.202309141235/tools/bin/../lib/gcc/arm-none-eabi/11.3.1/thumb/v7e-m+fp/hard/crtn.o
 *(.fini)
 .fini          0x0000000008000d94        0x4 /home/josemanuel/st/stm32cubeide_1.14.0/plugins/com.st.stm32cube.ide.mcu.externaltools.gnu-tools-for-stm32.11.3.rel1.linux64_1.1.100.202309141235/tools/bin/../lib/gcc/arm-none-eabi/11.3.1/thumb/v7e-m+fp/hard/crti.o
                0x0000000008000d94                _fini
 .fini          0x0000000008000d98        0x8 /home/josemanuel/st/stm32cubeide_1.14.0/plugins/com.st.stm32cube.ide.mcu.externaltools.gnu-tools-for-stm32.11.3.rel1.linux64_1.1.100.202309141235/tools/bin/../lib/gcc/arm-none-eabi/11.3.1/thumb/v7e-m+fp/hard/crtn.o
                0x0000000008000da0                . = ALIGN (0x4)
                0x0000000008000da0                _etext = .

.vfp11_veneer   0x0000000008000da0        0x0
 .vfp11_veneer  0x0000000008000da0        0x0 linker stubs

.v4_bx          0x0000000008000da0        0x0
 .v4_bx         0x0000000008000da0        0x0 linker stubs

.iplt           0x0000000008000da0        0x0
 .iplt          0x0000000008000da0        0x0 /home/josemanuel/st/stm32cubeide_1.14.0/plugins/com.st.stm32cube.ide.mcu.externaltools.gnu-tools-for-stm32.11.3.rel1.linux64_1.1.100.202309141235/tools/bin/../lib/gcc/arm-none-eabi/11.3.1/thumb/v7e-m+fp/hard/crtbegin.o

.rel.dyn        0x0000000008000da0        0x0
 .rel.iplt      0x0000000008000da0        0x0 /home/josemanuel/st/stm32cubeide_1.14.0/plugins/com.st.stm32cube.ide.mcu.externaltools.gnu-tools-for-stm32.11.3.rel1.linux64_1.1.100.202309141235/tools/bin/../lib/gcc/arm-none-eabi/11.3.1/thumb/v7e-m+fp/hard/crtbegin.o

.rodata         0x0000000008000da0        0x0
                0x0000000008000da0                . = ALIGN (0x4)
 *(.rodata)
 *(.rodata*)
                0x0000000008000da0                . = ALIGN (0x4)

.ARM.extab      0x0000000008000da0        0x0
                0x0000000008000da0                . = ALIGN (0x4)
 *(.ARM.extab* .gnu.linkonce.armextab.*)
                0x0000000008000da0                . = ALIGN (0x4)

.ARM            0x0000000008000da0        0x0
                0x0000000008000da0                . = ALIGN (0x4)
                0x0000000008000da0                __exidx_start = .
 *(.ARM.exidx*)
                0x0000000008000da0                __exidx_end = .
                0x0000000008000da0                . = ALIGN (0x4)

.preinit_array  0x0000000008000da0        0x0
                0x0000000008000da0                . = ALIGN (0x4)
                0x0000000008000da0                PROVIDE (__preinit_array_start = .)
 *(.preinit_array*)
                0x0000000008000da0                PROVIDE (__preinit_array_end = .)
                0x0000000008000da0                . = ALIGN (0x4)

.init_array     0x0000000008000da0        0x4
                0x0000000008000da0                . = ALIGN (0x4)
                0x0000000008000da0                PROVIDE (__init_array_start = .)
 *(SORT_BY_NAME(.init_array.*))
 *(.init_array*)
 .init_array    0x0000000008000da0        0x4 /home/josemanuel/st/stm32cubeide_1.14.0/plugins/com.st.stm32cube.ide.mcu.externaltools.gnu-tools-for-stm32.11.3.rel1.linux64_1.1.100.202309141235/tools/bin/../lib/gcc/arm-none-eabi/11.3.1/thumb/v7e-m+fp/hard/crtbegin.o
                0x0000000008000da4                PROVIDE (__init_array_end = .)
                0x0000000008000da4                . = ALIGN (0x4)

.fini_array     0x0000000008000da4        0x4
                0x0000000008000da4                . = ALIGN (0x4)
                [!provide]                        PROVIDE (__fini_array_start = .)
 *(SORT_BY_NAME(.fini_array.*))
 *(.fini_array*)
 .fini_array    0x0000000008000da4        0x4 /home/josemanuel/st/stm32cubeide_1.14.0/plugins/com.st.stm32cube.ide.mcu.externaltools.gnu-tools-for-stm32.11.3.rel1.linux64_1.1.100.202309141235/tools/bin/../lib/gcc/arm-none-eabi/11.3.1/thumb/v7e-m+fp/hard/crtbegin.o
                [!provide]                        PROVIDE (__fini_array_end = .)
                0x0000000008000da8                . = ALIGN (0x4)
                0x0000000008000da8                _sidata = LOADADDR (.data)

.data           0x0000000020000000        0x8 load address 0x0000000008000da8
                0x0000000020000000                . = ALIGN (0x4)
                0x0000000020000000                _sdata = .
 *(.data)
 *(.data*)
 .data.name     0x0000000020000000        0x6 ./Src/main.o
                0x0000000020000000                name
 *(.RamFunc)
 *(.RamFunc*)
                0x0000000020000008                . = ALIGN (0x4)
 *fill*         0x0000000020000006        0x2 
                0x0000000020000008                _edata = .
                0x0000000008000db0                _siccmram = LOADADDR (.ccmram)

.igot.plt       0x0000000020000008        0x0 load address 0x0000000008000db0
 .igot.plt      0x0000000020000008        0x0 /home/josemanuel/st/stm32cubeide_1.14.0/plugins/com.st.stm32cube.ide.mcu.externaltools.gnu-tools-for-stm32.11.3.rel1.linux64_1.1.100.202309141235/tools/bin/../lib/gcc/arm-none-eabi/11.3.1/thumb/v7e-m+fp/hard/crtbegin.o

.ccmram         0x0000000010000000        0x0 load address 0x0000000008000db0
                0x0000000010000000                . = ALIGN (0x4)
                0x0000000010000000                _sccmram = .
 *(.ccmram)
 *(.ccmram*)
                0x0000000010000000                . = ALIGN (0x4)
                0x0000000010000000                _eccmram = .
                0x0000000010000000                . = ALIGN (0x4)

.bss            0x0000000020000008       0x40
                0x0000000020000008                _sbss = .
                0x0000000020000008                __bss_start__ = _sbss
 *(.bss)
 .bss           0x0000000020000008       0x1c /home/josemanuel/st/stm32cubeide_1.14.0/plugins/com.st.stm32cube.ide.mcu.externaltools.gnu-tools-for-stm32.11.3.rel1.linux64_1.1.100.202309141235/tools/bin/../lib/gcc/arm-none-eabi/11.3.1/thumb/v7e-m+fp/hard/crtbegin.o
 *(.bss*)
 .bss.SPI2Handle
                0x0000000020000024       0x20 ./Src/main.o
                0x0000000020000024                SPI2Handle
 .bss.flag      0x0000000020000044        0x1 ./Src/main.o
                0x0000000020000044                flag
 *(COMMON)
                0x0000000020000048                . = ALIGN (0x4)
 *fill*         0x0000000020000045        0x3 
                0x0000000020000048                _ebss = .
                0x0000000020000048                __bss_end__ = _ebss

._user_heap_stack
                0x0000000020000048      0x600
                0x0000000020000048                . = ALIGN (0x8)
                [!provide]                        PROVIDE (end = .)
                0x0000000020000048                PROVIDE (_end = .)
                0x0000000020000248                . = (. + _Min_Heap_Size)
 *fill*         0x0000000020000048      0x200 
                0x0000000020000648                . = (. + _Min_Stack_Size)
 *fill*         0x0000000020000248      0x400 
                0x0000000020000648                . = ALIGN (0x8)

/DISCARD/
 libc.a(*)
 libm.a(*)
 libgcc.a(*)

.ARM.attributes
                0x0000000000000000       0x30
 *(.ARM.attributes)
 .ARM.attributes
                0x0000000000000000       0x1e /home/josemanuel/st/stm32cubeide_1.14.0/plugins/com.st.stm32cube.ide.mcu.externaltools.gnu-tools-for-stm32.11.3.rel1.linux64_1.1.100.202309141235/tools/bin/../lib/gcc/arm-none-eabi/11.3.1/thumb/v7e-m+fp/hard/crti.o
 .ARM.attributes
                0x000000000000001e       0x34 /home/josemanuel/st/stm32cubeide_1.14.0/plugins/com.st.stm32cube.ide.mcu.externaltools.gnu-tools-for-stm32.11.3.rel1.linux64_1.1.100.202309141235/tools/bin/../lib/gcc/arm-none-eabi/11.3.1/thumb/v7e-m+fp/hard/crtbegin.o
 .ARM.attributes
                0x0000000000000052       0x34 ./Src/main.o
 .ARM.attributes
                0x0000000000000086       0x21 ./Startup/startup_stm32f407vgtx.o
 .ARM.attributes
                0x00000000000000a7       0x34 ./drivers/Src/stm32f407xx_gpio_driver.o
 .ARM.attributes
                0x00000000000000db       0x34 ./drivers/Src/stm32f407xx_spi_driver.o
 .ARM.attributes
                0x000000000000010f       0x34 /home/josemanuel/st/stm32cubeide_1.14.0/plugins/com.st.stm32cube.ide.mcu.externaltools.gnu-tools-for-stm32.11.3.rel1.linux64_1.1.100.202309141235/tools/bin/../lib/gcc/arm-none-eabi/11.3.1/../../../../arm-none-eabi/lib/thumb/v7e-m+fp/hard/libc_nano.a(libc_a-init.o)
 .ARM.attributes
                0x0000000000000143       0x17 /home/josemanuel/st/stm32cubeide_1.14.0/plugins/com.st.stm32cube.ide.mcu.externaltools.gnu-tools-for-stm32.11.3.rel1.linux64_1.1.100.202309141235/tools/bin/../lib/gcc/arm-none-eabi/11.3.1/../../../../arm-none-eabi/lib/thumb/v7e-m+fp/hard/libc_nano.a(libc_a-strlen.o)
 .ARM.attributes
                0x000000000000015a       0x1e /home/josemanuel/st/stm32cubeide_1.14.0/plugins/com.st.stm32cube.ide.mcu.externaltools.gnu-tools-for-stm32.11.3.rel1.linux64_1.1.100.202309141235/tools/bin/../lib/gcc/arm-none-eabi/11.3.1/thumb/v7e-m+fp/hard/crtn.o
OUTPUT(STM32F4_DRIVERS.elf elf32-littlearm)
LOAD linker stubs
LOAD /home/josemanuel/st/stm32cubeide_1.14.0/plugins/com.st.stm32cube.ide.mcu.externaltools.gnu-tools-for-stm32.11.3.rel1.linux64_1.1.100.202309141235/tools/bin/../lib/gcc/arm-none-eabi/11.3.1/../../../../arm-none-eabi/lib/thumb/v7e-m+fp/hard/libc.a
LOAD /home/josemanuel/st/stm32cubeide_1.14.0/plugins/com.st.stm32cube.ide.mcu.externaltools.gnu-tools-for-stm32.11.3.rel1.linux64_1.1.100.202309141235/tools/bin/../lib/gcc/arm-none-eabi/11.3.1/../../../../arm-none-eabi/lib/thumb/v7e-m+fp/hard/libm.a
LOAD /home/josemanuel/st/stm32cubeide_1.14.0/plugins/com.st.stm32cube.ide.mcu.externaltools.gnu-tools-for-stm32.11.3.rel1.linux64_1.1.100.202309141235/tools/bin/../lib/gcc/arm-none-eabi/11.3.1/thumb/v7e-m+fp/hard/libgcc.a

.comment        0x0000000000000000       0x43
 .comment       0x0000000000000000       0x43 /home/josemanuel/st/stm32cubeide_1.14.0/plugins/com.st.stm32cube.ide.mcu.externaltools.gnu-tools-for-stm32.11.3.rel1.linux64_1.1.100.202309141235/tools/bin/../lib/gcc/arm-none-eabi/11.3.1/thumb/v7e-m+fp/hard/crtbegin.o
                                         0x44 (size before relaxing)
 .comment       0x0000000000000043       0x44 ./Src/main.o
 .comment       0x0000000000000043       0x44 ./drivers/Src/stm32f407xx_gpio_driver.o
 .comment       0x0000000000000043       0x44 ./drivers/Src/stm32f407xx_spi_driver.o

.debug_info     0x0000000000000000     0x1522
 .debug_info    0x0000000000000000      0x539 ./Src/main.o
 .debug_info    0x0000000000000539       0x23 ./Startup/startup_stm32f407vgtx.o
 .debug_info    0x000000000000055c      0x711 ./drivers/Src/stm32f407xx_gpio_driver.o
 .debug_info    0x0000000000000c6d      0x8b5 ./drivers/Src/stm32f407xx_spi_driver.o

.debug_abbrev   0x0000000000000000      0x497
 .debug_abbrev  0x0000000000000000      0x178 ./Src/main.o
 .debug_abbrev  0x0000000000000178       0x12 ./Startup/startup_stm32f407vgtx.o
 .debug_abbrev  0x000000000000018a      0x138 ./drivers/Src/stm32f407xx_gpio_driver.o
 .debug_abbrev  0x00000000000002c2      0x1d5 ./drivers/Src/stm32f407xx_spi_driver.o

.debug_aranges  0x0000000000000000      0x1a8
 .debug_aranges
                0x0000000000000000       0x48 ./Src/main.o
 .debug_aranges
                0x0000000000000048       0x28 ./Startup/startup_stm32f407vgtx.o
 .debug_aranges
                0x0000000000000070       0x70 ./drivers/Src/stm32f407xx_gpio_driver.o
 .debug_aranges
                0x00000000000000e0       0xc8 ./drivers/Src/stm32f407xx_spi_driver.o

.debug_rnglists
                0x0000000000000000      0x135
 .debug_rnglists
                0x0000000000000000       0x31 ./Src/main.o
 .debug_rnglists
                0x0000000000000031       0x19 ./Startup/startup_stm32f407vgtx.o
 .debug_rnglists
                0x000000000000004a       0x53 ./drivers/Src/stm32f407xx_gpio_driver.o
 .debug_rnglists
                0x000000000000009d       0x98 ./drivers/Src/stm32f407xx_spi_driver.o

.debug_macro    0x0000000000000000     0x27bb
 .debug_macro   0x0000000000000000      0x17b ./Src/main.o
 .debug_macro   0x000000000000017b      0xab4 ./Src/main.o
 .debug_macro   0x0000000000000c2f       0x22 ./Src/main.o
 .debug_macro   0x0000000000000c51       0x8e ./Src/main.o
 .debug_macro   0x0000000000000cdf       0x51 ./Src/main.o
 .debug_macro   0x0000000000000d30      0x103 ./Src/main.o
 .debug_macro   0x0000000000000e33       0x6a ./Src/main.o
 .debug_macro   0x0000000000000e9d      0x1df ./Src/main.o
 .debug_macro   0x000000000000107c       0x61 ./Src/main.o
 .debug_macro   0x00000000000010dd       0x2a ./Src/main.o
 .debug_macro   0x0000000000001107       0x43 ./Src/main.o
 .debug_macro   0x000000000000114a       0x34 ./Src/main.o
 .debug_macro   0x000000000000117e       0x16 ./Src/main.o
 .debug_macro   0x0000000000001194       0x97 ./Src/main.o
 .debug_macro   0x000000000000122b      0x369 ./Src/main.o
 .debug_macro   0x0000000000001594       0xfd ./Src/main.o
 .debug_macro   0x0000000000001691       0x10 ./Src/main.o
 .debug_macro   0x00000000000016a1       0x16 ./Src/main.o
 .debug_macro   0x00000000000016b7       0x43 ./Src/main.o
 .debug_macro   0x00000000000016fa       0x34 ./Src/main.o
 .debug_macro   0x000000000000172e       0x10 ./Src/main.o
 .debug_macro   0x000000000000173e       0x58 ./Src/main.o
 .debug_macro   0x0000000000001796       0x8e ./Src/main.o
 .debug_macro   0x0000000000001824       0x1c ./Src/main.o
 .debug_macro   0x0000000000001840      0x177 ./Src/main.o
 .debug_macro   0x00000000000019b7       0x16 ./Src/main.o
 .debug_macro   0x00000000000019cd       0x16 ./Src/main.o
 .debug_macro   0x00000000000019e3      0x147 ./Src/main.o
 .debug_macro   0x0000000000001b2a      0x6d1 ./Src/main.o
 .debug_macro   0x00000000000021fb      0x130 ./Src/main.o
 .debug_macro   0x000000000000232b       0xe9 ./Src/main.o
 .debug_macro   0x0000000000002414      0x162 ./drivers/Src/stm32f407xx_gpio_driver.o
 .debug_macro   0x0000000000002576      0x162 ./drivers/Src/stm32f407xx_spi_driver.o
 .debug_macro   0x00000000000026d8       0xe3 ./drivers/Src/stm32f407xx_spi_driver.o

.debug_line     0x0000000000000000     0x1d32
 .debug_line    0x0000000000000000      0x66d ./Src/main.o
 .debug_line    0x000000000000066d       0x7b ./Startup/startup_stm32f407vgtx.o
 .debug_line    0x00000000000006e8      0xb6a ./drivers/Src/stm32f407xx_gpio_driver.o
 .debug_line    0x0000000000001252      0xae0 ./drivers/Src/stm32f407xx_spi_driver.o

.debug_str      0x0000000000000000     0xa5da
 .debug_str     0x0000000000000000     0xa15a ./Src/main.o
                                       0xa35b (size before relaxing)
 .debug_str     0x000000000000a15a       0x2f ./Startup/startup_stm32f407vgtx.o
                                         0x7f (size before relaxing)
 .debug_str     0x000000000000a189      0x274 ./drivers/Src/stm32f407xx_gpio_driver.o
                                       0xa0b2 (size before relaxing)
 .debug_str     0x000000000000a3fd      0x1dd ./drivers/Src/stm32f407xx_spi_driver.o
                                       0xa0ff (size before relaxing)

.debug_frame    0x0000000000000000      0x62c
 .debug_frame   0x0000000000000000       0xd4 ./Src/main.o
 .debug_frame   0x00000000000000d4      0x1c8 ./drivers/Src/stm32f407xx_gpio_driver.o
 .debug_frame   0x000000000000029c      0x364 ./drivers/Src/stm32f407xx_spi_driver.o
 .debug_frame   0x0000000000000600       0x2c /home/josemanuel/st/stm32cubeide_1.14.0/plugins/com.st.stm32cube.ide.mcu.externaltools.gnu-tools-for-stm32.11.3.rel1.linux64_1.1.100.202309141235/tools/bin/../lib/gcc/arm-none-eabi/11.3.1/../../../../arm-none-eabi/lib/thumb/v7e-m+fp/hard/libc_nano.a(libc_a-init.o)

.debug_line_str
                0x0000000000000000       0x73
 .debug_line_str
                0x0000000000000000       0x73 ./Startup/startup_stm32f407vgtx.o
                                         0x8b (size before relaxing)
